This is pdfTeX, Version 3.141592653-2.6-1.40.29 (MiKTeX 26.5) (preloaded format=pdflatex 2026.6.7)  12 JUN 2026 23:37
entering extended mode
 restricted \write18 enabled.
 %&-line parsing enabled.
**./replication.tex
(replication.tex
LaTeX2e <2025-11-01>
L3 programming layer <2026-04-28>
(C:\Users\edog9\AppData\Local\Programs\MiKTeX\tex/latex/base\article.cls
Document Class: article 2025/01/22 v1.4n Standard LaTeX document class
(C:\Users\edog9\AppData\Local\Programs\MiKTeX\tex/latex/base\size10.clo
File: size10.clo 2025/01/22 v1.4n Standard LaTeX file (size option)
)
\c@part=\count276
\c@section=\count277
\c@subsection=\count278
\c@subsubsection=\count279
\c@paragraph=\count280
\c@subparagraph=\count281
\c@figure=\count282
\c@table=\count283
\abovecaptionskip=\skip49
\belowcaptionskip=\skip50
\bibindent=\dimen150
)
(C:\Users\edog9\AppData\Local\Programs\MiKTeX\tex/latex/blindtext\blindtext.sty
Package: blindtext 2012/01/06 V2.0 blindtext-Package
(C:\Users\edog9\AppData\Local\Programs\MiKTeX\tex/latex/tools\xspace.sty
Package: xspace 2014/10/28 v1.13 Space after command names (DPC,MH)
)
\c@blindtext=\count284
\c@Blindtext=\count285
\c@blind@countparstart=\count286
\blind@countxx=\count287
\blindtext@numBlindtext=\count288
\blind@countyy=\count289
\c@blindlist=\count290
\c@blindlistlevel=\count291
\c@blindlist@level=\count292
\blind@listitem=\count293
\c@blind@listcount=\count294
\c@blind@levelcount=\count295
\blind@mathformula=\count296
\blind@Mathformula=\count297
\c@blind@randomcount=\count298
\c@blind@randommax=\count299
\c@blind@pangramcount=\count300
\c@blind@pangrammax=\count301
)
(C:\Users\edog9\AppData\Local\Programs\MiKTeX\tex/latex/booktabs\booktabs.sty
Package: booktabs 2020/01/12 v1.61803398 Publication quality tables
\heavyrulewidth=\dimen151
\lightrulewidth=\dimen152
\cmidrulewidth=\dimen153
\belowrulesep=\dimen154
\belowbottomsep=\dimen155
\aboverulesep=\dimen156
\abovetopsep=\dimen157
\cmidrulesep=\dimen158
\cmidrulekern=\dimen159
\defaultaddspace=\dimen160
\@cmidla=\count302
\@cmidlb=\count303
\@aboverulesep=\dimen161
\@belowrulesep=\dimen162
\@thisruleclass=\count304
\@lastruleclass=\count305
\@thisrulewidth=\dimen163
)
(C:\Users\edog9\AppData\Local\Programs\MiKTeX\tex/latex/geometry\geometry.sty
Package: geometry 2026/03/07 v6.0 Page Geometry

(C:\Users\edog9\AppData\Local\Programs\MiKTeX\tex/latex/graphics\keyval.sty
Package: keyval 2022/05/29 v1.15 key=value parser (DPC)
\KV@toks@=\toks17
)
(C:\Users\edog9\AppData\Local\Programs\MiKTeX\tex/generic/iftex\ifvtex.sty
Package: ifvtex 2019/10/25 v1.7 ifvtex legacy package. Use iftex instead.

(C:\Users\edog9\AppData\Local\Programs\MiKTeX\tex/generic/iftex\iftex.sty
Package: iftex 2024/12/12 v1.0g TeX engine tests
))
\Gm@cnth=\count306
\Gm@cntv=\count307
\c@Gm@tempcnt=\count308
\Gm@bindingoffset=\dimen164
\Gm@wd@mp=\dimen165
\Gm@odd@mp=\dimen166
\Gm@even@mp=\dimen167
\Gm@layoutwidth=\dimen168
\Gm@layoutheight=\dimen169
\Gm@layouthoffset=\dimen170
\Gm@layoutvoffset=\dimen171
\Gm@dimlist=\toks18

(C:\Users\edog9\AppData\Local\Programs\MiKTeX\tex/latex/geometry\geometry.cfg))
(C:\Users\edog9\AppData\Local\Programs\MiKTeX\tex/latex/caption\subcaption.sty
Package: subcaption 2023/07/28 v1.6b Sub-captions (AR)

(C:\Users\edog9\AppData\Local\Programs\MiKTeX\tex/latex/caption\caption.sty
Package: caption 2023/08/05 v3.6o Customizing captions (AR)

(C:\Users\edog9\AppData\Local\Programs\MiKTeX\tex/latex/caption\caption3.sty
Package: caption3 2023/07/31 v2.4d caption3 kernel (AR)
\caption@tempdima=\dimen172
\captionmargin=\dimen173
\caption@leftmargin=\dimen174
\caption@rightmargin=\dimen175
\caption@width=\dimen176
\caption@indent=\dimen177
\caption@parindent=\dimen178
\caption@hangindent=\dimen179
Package caption Info: Standard document class detected.
)
\c@caption@flags=\count309
\c@continuedfloat=\count310
)
Package caption Info: New subtype `subfigure' on input line 238.
\c@subfigure=\count311
Package caption Info: New subtype `subtable' on input line 238.
\c@subtable=\count312
) (C:\Users\edog9\AppData\Local\Programs\MiKTeX\tex/latex/graphics\graphicx.sty
Package: graphicx 2024/12/31 v1.2e Enhanced LaTeX Graphics (DPC,SPQR)

(C:\Users\edog9\AppData\Local\Programs\MiKTeX\tex/latex/graphics\graphics.sty
Package: graphics 2024/08/06 v1.4g Standard LaTeX Graphics (DPC,SPQR)

(C:\Users\edog9\AppData\Local\Programs\MiKTeX\tex/latex/graphics\trig.sty
Package: trig 2023/12/02 v1.11 sin cos tan (DPC)
)
(C:\Users\edog9\AppData\Local\Programs\MiKTeX\tex/latex/graphics-cfg\graphics.c
fg
File: graphics.cfg 2016/06/04 v1.11 sample graphics configuration
)
Package graphics Info: Driver file: pdftex.def on input line 106.

(C:\Users\edog9\AppData\Local\Programs\MiKTeX\tex/latex/graphics-def\pdftex.def
File: pdftex.def 2025/09/29 v1.2d Graphics/color driver for pdftex
))
\Gin@req@height=\dimen180
\Gin@req@width=\dimen181
)
(C:\Users\edog9\AppData\Local\Programs\MiKTeX\tex/latex/hyperref\hyperref.sty
Package: hyperref 2026-04-24 v7.01q Hypertext links for LaTeX

(C:\Users\edog9\AppData\Local\Programs\MiKTeX\tex/latex/kvsetkeys\kvsetkeys.sty
Package: kvsetkeys 2022-10-05 v1.19 Key value parser (HO)
)
(C:\Users\edog9\AppData\Local\Programs\MiKTeX\tex/generic/kvdefinekeys\kvdefine
keys.sty
Package: kvdefinekeys 2019-12-19 v1.6 Define keys (HO)
)
(C:\Users\edog9\AppData\Local\Programs\MiKTeX\tex/generic/pdfescape\pdfescape.s
ty
Package: pdfescape 2019/12/09 v1.15 Implements pdfTeX's escape features (HO)

(C:\Users\edog9\AppData\Local\Programs\MiKTeX\tex/generic/ltxcmds\ltxcmds.sty
Package: ltxcmds 2023-12-04 v1.26 LaTeX kernel commands for general use (HO)
)
(C:\Users\edog9\AppData\Local\Programs\MiKTeX\tex/generic/pdftexcmds\pdftexcmds
.sty
Package: pdftexcmds 2020-06-27 v0.33 Utility functions of pdfTeX for LuaTeX (HO
)

(C:\Users\edog9\AppData\Local\Programs\MiKTeX\tex/generic/infwarerr\infwarerr.s
ty
Package: infwarerr 2019/12/03 v1.5 Providing info/warning/error messages (HO)
)
Package pdftexcmds Info: \pdf@primitive is available.
Package pdftexcmds Info: \pdf@ifprimitive is available.
Package pdftexcmds Info: \pdfdraftmode found.
))
(C:\Users\edog9\AppData\Local\Programs\MiKTeX\tex/latex/hycolor\hycolor.sty
Package: hycolor 2020-01-27 v1.10 Color options for hyperref/bookmark (HO)
)
(C:\Users\edog9\AppData\Local\Programs\MiKTeX\tex/latex/hyperref\nameref.sty
Package: nameref 2026-01-29 v2.58 Cross-referencing by name of section

(C:\Users\edog9\AppData\Local\Programs\MiKTeX\tex/latex/refcount\refcount.sty
Package: refcount 2019/12/15 v3.6 Data extraction from label references (HO)
)
(C:\Users\edog9\AppData\Local\Programs\MiKTeX\tex/generic/gettitlestring\gettit
lestring.sty
Package: gettitlestring 2019/12/15 v1.6 Cleanup title references (HO)

(C:\Users\edog9\AppData\Local\Programs\MiKTeX\tex/latex/kvoptions\kvoptions.sty
Package: kvoptions 2022-06-15 v3.15 Key value format for package options (HO)
))
\c@section@level=\count313
)
(C:\Users\edog9\AppData\Local\Programs\MiKTeX\tex/latex/etoolbox\etoolbox.sty
Package: etoolbox 2025/10/02 v2.5m e-TeX tools for LaTeX (JAW)
\etb@tempcnta=\count314
)
(C:\Users\edog9\AppData\Local\Programs\MiKTeX\tex/generic/stringenc\stringenc.s
ty
Package: stringenc 2019/11/29 v1.12 Convert strings between diff. encodings (HO
)
)
\@linkdim=\dimen182
\Hy@linkcounter=\count315
\Hy@pagecounter=\count316
 (C:\Users\edog9\AppData\Local\Programs\MiKTeX\tex/latex/hyperref\pd1enc.def
File: pd1enc.def 2026-04-24 v7.01q Hyperref: PDFDocEncoding definition (HO)
Now handling font encoding PD1 ...
... no UTF-8 mapping file for font encoding PD1
) (C:\Users\edog9\AppData\Local\Programs\MiKTeX\tex/generic/intcalc\intcalc.sty
Package: intcalc 2019/12/15 v1.3 Expandable calculations with integers (HO)
)
\Hy@SavedSpaceFactor=\count317
 (C:\Users\edog9\AppData\Local\Programs\MiKTeX\tex/latex/hyperref\puenc.def
File: puenc.def 2026-04-24 v7.01q Hyperref: PDF Unicode definition (HO)
Now handling font encoding PU ...
... no UTF-8 mapping file for font encoding PU
)
Package hyperref Info: Hyper figures OFF on input line 4199.
Package hyperref Info: Link nesting OFF on input line 4204.
Package hyperref Info: Hyper index ON on input line 4207.
Package hyperref Info: Plain pages OFF on input line 4214.
Package hyperref Info: Backreferencing OFF on input line 4219.
Package hyperref Info: Implicit mode ON; LaTeX internals redefined.
Package hyperref Info: Bookmarks ON on input line 4466.
\c@Hy@tempcnt=\count318

(C:\Users\edog9\AppData\Local\Programs\MiKTeX\tex/latex/url\url.sty
\Urlmuskip=\muskip17
Package: url 2013/09/16  ver 3.4  Verb mode for urls, etc.
)
LaTeX Info: Redefining \url on input line 4805.
\XeTeXLinkMargin=\dimen183

(C:\Users\edog9\AppData\Local\Programs\MiKTeX\tex/generic/bitset\bitset.sty
Package: bitset 2019/12/09 v1.3 Handle bit-vector datatype (HO)

(C:\Users\edog9\AppData\Local\Programs\MiKTeX\tex/generic/bigintcalc\bigintcalc
.sty
Package: bigintcalc 2019/12/15 v1.5 Expandable calculations on big integers (HO
)
))
\Fld@menulength=\count319
\Field@Width=\dimen184
\Fld@charsize=\dimen185
Package hyperref Info: Hyper figures OFF on input line 6091.
Package hyperref Info: Link nesting OFF on input line 6096.
Package hyperref Info: Hyper index ON on input line 6099.
Package hyperref Info: backreferencing OFF on input line 6106.
Package hyperref Info: Link coloring OFF on input line 6111.
Package hyperref Info: Link coloring with OCG OFF on input line 6116.
Package hyperref Info: PDF/A mode OFF on input line 6121.
\Hy@abspage=\count320
\c@Item=\count321
\c@Hfootnote=\count322
)
Package hyperref Info: Driver (autodetected): hpdftex.

(C:\Users\edog9\AppData\Local\Programs\MiKTeX\tex/latex/hyperref\hpdftex.def
File: hpdftex.def 2026-04-24 v7.01q Hyperref driver for pdfTeX
\Fld@listcount=\count323
\c@bookmark@seq@number=\count324

(C:\Users\edog9\AppData\Local\Programs\MiKTeX\tex/latex/rerunfilecheck\rerunfil
echeck.sty
Package: rerunfilecheck 2025-06-21 v1.11 Rerun checks for auxiliary files (HO)

(C:\Users\edog9\AppData\Local\Programs\MiKTeX\tex/generic/uniquecounter\uniquec
ounter.sty
Package: uniquecounter 2019/12/15 v1.4 Provide unlimited unique counter (HO)
)
Package uniquecounter Info: New unique counter `rerunfilecheck' on input line 2
84.
)
\Hy@SectionHShift=\skip51
)
(C:\Users\edog9\AppData\Local\Programs\MiKTeX\tex/latex/pdflscape\pdflscape.sty
Package: pdflscape 2022-10-27 v0.13 Display of landscape pages in PDF

(C:\Users\edog9\AppData\Local\Programs\MiKTeX\tex/latex/pdflscape\pdflscape-nom
etadata.sty
Package: pdflscape-nometadata 2022-10-28 v0.13 Display of landscape pages in PD
F (HO)

(C:\Users\edog9\AppData\Local\Programs\MiKTeX\tex/latex/graphics\lscape.sty
Package: lscape 2020/05/28 v3.02 Landscape Pages (DPC)
)
Package pdflscape Info: Auto-detected driver: pdftex on input line 81.
))
(C:\Users\edog9\AppData\Local\Programs\MiKTeX\tex/latex/pgf/frontendlayer\tikz.
sty
(C:\Users\edog9\AppData\Local\Programs\MiKTeX\tex/latex/pgf/basiclayer\pgf.sty
(C:\Users\edog9\AppData\Local\Programs\MiKTeX\tex/latex/pgf/utilities\pgfrcs.st
y
(C:\Users\edog9\AppData\Local\Programs\MiKTeX\tex/generic/pgf/utilities\pgfutil
-common.tex
\pgfutil@everybye=\toks19
\pgfutil@tempdima=\dimen186
\pgfutil@tempdimb=\dimen187
)
(C:\Users\edog9\AppData\Local\Programs\MiKTeX\tex/generic/pgf/utilities\pgfutil
-latex.def
\pgfutil@abb=\box53
)
(C:\Users\edog9\AppData\Local\Programs\MiKTeX\tex/generic/pgf/utilities\pgfrcs.
code.tex
(C:\Users\edog9\AppData\Local\Programs\MiKTeX\tex/generic/pgf\pgf.revision.tex)
Package: pgfrcs 2025-08-29 v3.1.11a (3.1.11a)
))
Package: pgf 2025-08-29 v3.1.11a (3.1.11a)

(C:\Users\edog9\AppData\Local\Programs\MiKTeX\tex/latex/pgf/basiclayer\pgfcore.
sty
(C:\Users\edog9\AppData\Local\Programs\MiKTeX\tex/latex/pgf/systemlayer\pgfsys.
sty
(C:\Users\edog9\AppData\Local\Programs\MiKTeX\tex/generic/pgf/systemlayer\pgfsy
s.code.tex
Package: pgfsys 2025-08-29 v3.1.11a (3.1.11a)

(C:\Users\edog9\AppData\Local\Programs\MiKTeX\tex/generic/pgf/utilities\pgfkeys
.code.tex
\pgfkeys@pathtoks=\toks20
\pgfkeys@temptoks=\toks21

(C:\Users\edog9\AppData\Local\Programs\MiKTeX\tex/generic/pgf/utilities\pgfkeys
libraryfiltered.code.tex
\pgfkeys@tmptoks=\toks22
))
\pgf@x=\dimen188
\pgf@y=\dimen189
\pgf@xa=\dimen190
\pgf@ya=\dimen191
\pgf@xb=\dimen192
\pgf@yb=\dimen193
\pgf@xc=\dimen194
\pgf@yc=\dimen195
\pgf@xd=\dimen196
\pgf@yd=\dimen197
\w@pgf@writea=\write3
\r@pgf@reada=\read2
\c@pgf@counta=\count325
\c@pgf@countb=\count326
\c@pgf@countc=\count327
\c@pgf@countd=\count328
\t@pgf@toka=\toks23
\t@pgf@tokb=\toks24
\t@pgf@tokc=\toks25
\pgf@sys@id@count=\count329

(C:\Users\edog9\AppData\Local\Programs\MiKTeX\tex/generic/pgf/systemlayer\pgf.c
fg
File: pgf.cfg 2025-08-29 v3.1.11a (3.1.11a)
)
Driver file for pgf: pgfsys-pdftex.def

(C:\Users\edog9\AppData\Local\Programs\MiKTeX\tex/generic/pgf/systemlayer\pgfsy
s-pdftex.def
File: pgfsys-pdftex.def 2025-08-29 v3.1.11a (3.1.11a)

(C:\Users\edog9\AppData\Local\Programs\MiKTeX\tex/generic/pgf/systemlayer\pgfsy
s-common-pdf.def
File: pgfsys-common-pdf.def 2025-08-29 v3.1.11a (3.1.11a)
)))
(C:\Users\edog9\AppData\Local\Programs\MiKTeX\tex/generic/pgf/systemlayer\pgfsy
ssoftpath.code.tex
File: pgfsyssoftpath.code.tex 2025-08-29 v3.1.11a (3.1.11a)
\pgfsyssoftpath@smallbuffer@items=\count330
\pgfsyssoftpath@bigbuffer@items=\count331
)
(C:\Users\edog9\AppData\Local\Programs\MiKTeX\tex/generic/pgf/systemlayer\pgfsy
sprotocol.code.tex
File: pgfsysprotocol.code.tex 2025-08-29 v3.1.11a (3.1.11a)
))
(C:\Users\edog9\AppData\Local\Programs\MiKTeX\tex/latex/xcolor\xcolor.sty
Package: xcolor 2024/09/29 v3.02 LaTeX color extensions (UK)

(C:\Users\edog9\AppData\Local\Programs\MiKTeX\tex/latex/graphics-cfg\color.cfg
File: color.cfg 2016/01/02 v1.6 sample color configuration
)
Package xcolor Info: Driver file: pdftex.def on input line 274.
(C:\Users\edog9\AppData\Local\Programs\MiKTeX\tex/latex/graphics\mathcolor.ltx)
Package xcolor Info: Model `cmy' substituted by `cmy0' on input line 1349.
Package xcolor Info: Model `hsb' substituted by `rgb' on input line 1353.
Package xcolor Info: Model `RGB' extended on input line 1365.
Package xcolor Info: Model `HTML' substituted by `rgb' on input line 1367.
Package xcolor Info: Model `Hsb' substituted by `hsb' on input line 1368.
Package xcolor Info: Model `tHsb' substituted by `hsb' on input line 1369.
Package xcolor Info: Model `HSB' substituted by `hsb' on input line 1370.
Package xcolor Info: Model `Gray' substituted by `gray' on input line 1371.
Package xcolor Info: Model `wave' substituted by `hsb' on input line 1372.
)
(C:\Users\edog9\AppData\Local\Programs\MiKTeX\tex/generic/pgf/basiclayer\pgfcor
e.code.tex
Package: pgfcore 2025-08-29 v3.1.11a (3.1.11a)

(C:\Users\edog9\AppData\Local\Programs\MiKTeX\tex/generic/pgf/math\pgfmath.code
.tex
(C:\Users\edog9\AppData\Local\Programs\MiKTeX\tex/generic/pgf/math\pgfmathutil.
code.tex)
(C:\Users\edog9\AppData\Local\Programs\MiKTeX\tex/generic/pgf/math\pgfmathparse
r.code.tex
\pgfmath@dimen=\dimen198
\pgfmath@count=\count332
\pgfmath@box=\box54
\pgfmath@toks=\toks26
\pgfmath@stack@operand=\toks27
\pgfmath@stack@operation=\toks28
)
(C:\Users\edog9\AppData\Local\Programs\MiKTeX\tex/generic/pgf/math\pgfmathfunct
ions.code.tex)
(C:\Users\edog9\AppData\Local\Programs\MiKTeX\tex/generic/pgf/math\pgfmathfunct
ions.basic.code.tex)
(C:\Users\edog9\AppData\Local\Programs\MiKTeX\tex/generic/pgf/math\pgfmathfunct
ions.trigonometric.code.tex)
(C:\Users\edog9\AppData\Local\Programs\MiKTeX\tex/generic/pgf/math\pgfmathfunct
ions.random.code.tex)
(C:\Users\edog9\AppData\Local\Programs\MiKTeX\tex/generic/pgf/math\pgfmathfunct
ions.comparison.code.tex)
(C:\Users\edog9\AppData\Local\Programs\MiKTeX\tex/generic/pgf/math\pgfmathfunct
ions.base.code.tex)
(C:\Users\edog9\AppData\Local\Programs\MiKTeX\tex/generic/pgf/math\pgfmathfunct
ions.round.code.tex)
(C:\Users\edog9\AppData\Local\Programs\MiKTeX\tex/generic/pgf/math\pgfmathfunct
ions.misc.code.tex)
(C:\Users\edog9\AppData\Local\Programs\MiKTeX\tex/generic/pgf/math\pgfmathfunct
ions.integerarithmetics.code.tex)
(C:\Users\edog9\AppData\Local\Programs\MiKTeX\tex/generic/pgf/math\pgfmathcalc.
code.tex)
(C:\Users\edog9\AppData\Local\Programs\MiKTeX\tex/generic/pgf/math\pgfmathfloat
.code.tex
\c@pgfmathroundto@lastzeros=\count333
))
(C:\Users\edog9\AppData\Local\Programs\MiKTeX\tex/generic/pgf/math\pgfint.code.
tex)
(C:\Users\edog9\AppData\Local\Programs\MiKTeX\tex/generic/pgf/basiclayer\pgfcor
epoints.code.tex
File: pgfcorepoints.code.tex 2025-08-29 v3.1.11a (3.1.11a)
\pgf@picminx=\dimen199
\pgf@picmaxx=\dimen256
\pgf@picminy=\dimen257
\pgf@picmaxy=\dimen258
\pgf@pathminx=\dimen259
\pgf@pathmaxx=\dimen260
\pgf@pathminy=\dimen261
\pgf@pathmaxy=\dimen262
\pgf@xx=\dimen263
\pgf@xy=\dimen264
\pgf@yx=\dimen265
\pgf@yy=\dimen266
\pgf@zx=\dimen267
\pgf@zy=\dimen268
)
(C:\Users\edog9\AppData\Local\Programs\MiKTeX\tex/generic/pgf/basiclayer\pgfcor
epathconstruct.code.tex
File: pgfcorepathconstruct.code.tex 2025-08-29 v3.1.11a (3.1.11a)
\pgf@path@lastx=\dimen269
\pgf@path@lasty=\dimen270
)
(C:\Users\edog9\AppData\Local\Programs\MiKTeX\tex/generic/pgf/basiclayer\pgfcor
epathusage.code.tex
File: pgfcorepathusage.code.tex 2025-08-29 v3.1.11a (3.1.11a)
\pgf@shorten@end@additional=\dimen271
\pgf@shorten@start@additional=\dimen272
)
(C:\Users\edog9\AppData\Local\Programs\MiKTeX\tex/generic/pgf/basiclayer\pgfcor
escopes.code.tex
File: pgfcorescopes.code.tex 2025-08-29 v3.1.11a (3.1.11a)
\pgfpic=\box55
\pgf@hbox=\box56
\pgf@layerbox@main=\box57
\pgf@picture@serial@count=\count334
)
(C:\Users\edog9\AppData\Local\Programs\MiKTeX\tex/generic/pgf/basiclayer\pgfcor
egraphicstate.code.tex
File: pgfcoregraphicstate.code.tex 2025-08-29 v3.1.11a (3.1.11a)
\pgflinewidth=\dimen273
)
(C:\Users\edog9\AppData\Local\Programs\MiKTeX\tex/generic/pgf/basiclayer\pgfcor
etransformations.code.tex
File: pgfcoretransformations.code.tex 2025-08-29 v3.1.11a (3.1.11a)
\pgf@pt@x=\dimen274
\pgf@pt@y=\dimen275
\pgf@pt@temp=\dimen276
)
(C:\Users\edog9\AppData\Local\Programs\MiKTeX\tex/generic/pgf/basiclayer\pgfcor
equick.code.tex
File: pgfcorequick.code.tex 2025-08-29 v3.1.11a (3.1.11a)
)
(C:\Users\edog9\AppData\Local\Programs\MiKTeX\tex/generic/pgf/basiclayer\pgfcor
eobjects.code.tex
File: pgfcoreobjects.code.tex 2025-08-29 v3.1.11a (3.1.11a)
)
(C:\Users\edog9\AppData\Local\Programs\MiKTeX\tex/generic/pgf/basiclayer\pgfcor
epathprocessing.code.tex
File: pgfcorepathprocessing.code.tex 2025-08-29 v3.1.11a (3.1.11a)
)
(C:\Users\edog9\AppData\Local\Programs\MiKTeX\tex/generic/pgf/basiclayer\pgfcor
earrows.code.tex
File: pgfcorearrows.code.tex 2025-08-29 v3.1.11a (3.1.11a)
\pgfarrowsep=\dimen277
)
(C:\Users\edog9\AppData\Local\Programs\MiKTeX\tex/generic/pgf/basiclayer\pgfcor
eshade.code.tex
File: pgfcoreshade.code.tex 2025-08-29 v3.1.11a (3.1.11a)
\pgf@max=\dimen278
\pgf@sys@shading@range@num=\count335
\pgf@shadingcount=\count336
)
(C:\Users\edog9\AppData\Local\Programs\MiKTeX\tex/generic/pgf/basiclayer\pgfcor
eimage.code.tex
File: pgfcoreimage.code.tex 2025-08-29 v3.1.11a (3.1.11a)
)
(C:\Users\edog9\AppData\Local\Programs\MiKTeX\tex/generic/pgf/basiclayer\pgfcor
eexternal.code.tex
File: pgfcoreexternal.code.tex 2025-08-29 v3.1.11a (3.1.11a)
\pgfexternal@startupbox=\box58
)
(C:\Users\edog9\AppData\Local\Programs\MiKTeX\tex/generic/pgf/basiclayer\pgfcor
elayers.code.tex
File: pgfcorelayers.code.tex 2025-08-29 v3.1.11a (3.1.11a)
)
(C:\Users\edog9\AppData\Local\Programs\MiKTeX\tex/generic/pgf/basiclayer\pgfcor
etransparency.code.tex
File: pgfcoretransparency.code.tex 2025-08-29 v3.1.11a (3.1.11a)
)
(C:\Users\edog9\AppData\Local\Programs\MiKTeX\tex/generic/pgf/basiclayer\pgfcor
epatterns.code.tex
File: pgfcorepatterns.code.tex 2025-08-29 v3.1.11a (3.1.11a)
)
(C:\Users\edog9\AppData\Local\Programs\MiKTeX\tex/generic/pgf/basiclayer\pgfcor
erdf.code.tex
File: pgfcorerdf.code.tex 2025-08-29 v3.1.11a (3.1.11a)
)))
(C:\Users\edog9\AppData\Local\Programs\MiKTeX\tex/generic/pgf/modules\pgfmodule
shapes.code.tex
File: pgfmoduleshapes.code.tex 2025-08-29 v3.1.11a (3.1.11a)
\pgfnodeparttextbox=\box59
)
(C:\Users\edog9\AppData\Local\Programs\MiKTeX\tex/generic/pgf/modules\pgfmodule
plot.code.tex
File: pgfmoduleplot.code.tex 2025-08-29 v3.1.11a (3.1.11a)
)
(C:\Users\edog9\AppData\Local\Programs\MiKTeX\tex/latex/pgf/compatibility\pgfco
mp-version-0-65.sty
Package: pgfcomp-version-0-65 2025-08-29 v3.1.11a (3.1.11a)
\pgf@nodesepstart=\dimen279
\pgf@nodesepend=\dimen280
)
(C:\Users\edog9\AppData\Local\Programs\MiKTeX\tex/latex/pgf/compatibility\pgfco
mp-version-1-18.sty
Package: pgfcomp-version-1-18 2025-08-29 v3.1.11a (3.1.11a)
))
(C:\Users\edog9\AppData\Local\Programs\MiKTeX\tex/latex/pgf/utilities\pgffor.st
y
(C:\Users\edog9\AppData\Local\Programs\MiKTeX\tex/latex/pgf/utilities\pgfkeys.s
ty
(C:\Users\edog9\AppData\Local\Programs\MiKTeX\tex/generic/pgf/utilities\pgfkeys
.code.tex))
(C:\Users\edog9\AppData\Local\Programs\MiKTeX\tex/latex/pgf/math\pgfmath.sty
(C:\Users\edog9\AppData\Local\Programs\MiKTeX\tex/generic/pgf/math\pgfmath.code
.tex))
(C:\Users\edog9\AppData\Local\Programs\MiKTeX\tex/generic/pgf/utilities\pgffor.
code.tex
Package: pgffor 2025-08-29 v3.1.11a (3.1.11a)
\pgffor@iter=\dimen281
\pgffor@skip=\dimen282
\pgffor@stack=\toks29
\pgffor@toks=\toks30
))
(C:\Users\edog9\AppData\Local\Programs\MiKTeX\tex/generic/pgf/frontendlayer/tik
z\tikz.code.tex
Package: tikz 2025-08-29 v3.1.11a (3.1.11a)

(C:\Users\edog9\AppData\Local\Programs\MiKTeX\tex/generic/pgf/libraries\pgflibr
aryplothandlers.code.tex
File: pgflibraryplothandlers.code.tex 2025-08-29 v3.1.11a (3.1.11a)
\pgf@plot@mark@count=\count337
\pgfplotmarksize=\dimen283
)
\tikz@lastx=\dimen284
\tikz@lasty=\dimen285
\tikz@lastxsaved=\dimen286
\tikz@lastysaved=\dimen287
\tikz@lastmovetox=\dimen288
\tikz@lastmovetoy=\dimen289
\tikzleveldistance=\dimen290
\tikzsiblingdistance=\dimen291
\tikz@figbox=\box60
\tikz@figbox@bg=\box61
\tikz@tempbox=\box62
\tikz@tempbox@bg=\box63
\tikztreelevel=\count338
\tikznumberofchildren=\count339
\tikznumberofcurrentchild=\count340
\tikz@fig@count=\count341

(C:\Users\edog9\AppData\Local\Programs\MiKTeX\tex/generic/pgf/modules\pgfmodule
matrix.code.tex
File: pgfmodulematrix.code.tex 2025-08-29 v3.1.11a (3.1.11a)
\pgfmatrixcurrentrow=\count342
\pgfmatrixcurrentcolumn=\count343
\pgf@matrix@numberofcolumns=\count344
)
\tikz@expandcount=\count345

(C:\Users\edog9\AppData\Local\Programs\MiKTeX\tex/generic/pgf/frontendlayer/tik
z/libraries\tikzlibrarytopaths.code.tex
File: tikzlibrarytopaths.code.tex 2025-08-29 v3.1.11a (3.1.11a)
)))
(C:\Users\edog9\AppData\Local\Programs\MiKTeX\tex/latex/threeparttable\threepar
ttable.sty
Package: threeparttable 2003/06/13  v 3.0
\@tempboxb=\box64
)
(C:\Users\edog9\AppData\Local\Programs\MiKTeX\tex/latex/algorithms\algorithmic.
sty
Package: algorithmic 2009/08/24 v0.1 Document Style `algorithmic'
 (C:\Users\edog9\AppData\Local\Programs\MiKTeX\tex/latex/base\ifthen.sty
Package: ifthen 2024/03/16 v1.1e Standard LaTeX ifthen package (DPC)
)
\c@ALC@unique=\count346
\c@ALC@line=\count347
\c@ALC@rem=\count348
\c@ALC@depth=\count349
\ALC@tlm=\skip52
\algorithmicindent=\skip53
)
(C:\Users\edog9\AppData\Local\Programs\MiKTeX\tex/latex/tools\tabularx.sty
Package: tabularx 2023/12/11 v2.12a `tabularx' package (DPC)

(C:\Users\edog9\AppData\Local\Programs\MiKTeX\tex/latex/tools\array.sty
Package: array 2025/09/25 v2.6n Tabular extension package (FMi)
\col@sep=\dimen292
\ar@mcellbox=\box65
\extrarowheight=\dimen293
\NC@list=\toks31
\extratabsurround=\skip54
\backup@length=\skip55
\ar@cellbox=\box66
)
\TX@col@width=\dimen294
\TX@old@table=\dimen295
\TX@old@col=\dimen296
\TX@target=\dimen297
\TX@delta=\dimen298
\TX@cols=\count350
\TX@ftn=\toks32
)
(C:\Users\edog9\AppData\Local\Programs\MiKTeX\tex/latex/amsmath\amsmath.sty
Package: amsmath 2025/07/09 v2.17z AMS math features
\@mathmargin=\skip56

For additional information on amsmath, use the `?' option.
(C:\Users\edog9\AppData\Local\Programs\MiKTeX\tex/latex/amsmath\amstext.sty
Package: amstext 2024/11/17 v2.01 AMS text

(C:\Users\edog9\AppData\Local\Programs\MiKTeX\tex/latex/amsmath\amsgen.sty
File: amsgen.sty 1999/11/30 v2.0 generic functions
\@emptytoks=\toks33
\ex@=\dimen299
))
(C:\Users\edog9\AppData\Local\Programs\MiKTeX\tex/latex/amsmath\amsbsy.sty
Package: amsbsy 1999/11/29 v1.2d Bold Symbols
\pmbraise@=\dimen300
)
(C:\Users\edog9\AppData\Local\Programs\MiKTeX\tex/latex/amsmath\amsopn.sty
Package: amsopn 2022/04/08 v2.04 operator names
)
\inf@bad=\count351
LaTeX Info: Redefining \frac on input line 233.
\uproot@=\count352
\leftroot@=\count353
LaTeX Info: Redefining \overline on input line 398.
LaTeX Info: Redefining \colon on input line 409.
\classnum@=\count354
\DOTSCASE@=\count355
LaTeX Info: Redefining \ldots on input line 495.
LaTeX Info: Redefining \dots on input line 498.
LaTeX Info: Redefining \cdots on input line 619.
\Mathstrutbox@=\box67
\strutbox@=\box68
LaTeX Info: Redefining \big on input line 721.
LaTeX Info: Redefining \Big on input line 722.
LaTeX Info: Redefining \bigg on input line 723.
LaTeX Info: Redefining \Bigg on input line 724.
\big@size=\dimen301
LaTeX Font Info:    Redeclaring font encoding OML on input line 742.
LaTeX Font Info:    Redeclaring font encoding OMS on input line 743.
\macc@depth=\count356
LaTeX Info: Redefining \bmod on input line 904.
LaTeX Info: Redefining \pmod on input line 909.
LaTeX Info: Redefining \smash on input line 939.
LaTeX Info: Redefining \relbar on input line 969.
LaTeX Info: Redefining \Relbar on input line 970.
\c@MaxMatrixCols=\count357
\dotsspace@=\muskip18
\c@parentequation=\count358
\dspbrk@lvl=\count359
\tag@help=\toks34
\row@=\count360
\column@=\count361
\maxfields@=\count362
\andhelp@=\toks35
\eqnshift@=\dimen302
\alignsep@=\dimen303
\tagshift@=\dimen304
\tagwidth@=\dimen305
\totwidth@=\dimen306
\lineht@=\dimen307
\@envbody=\toks36
\multlinegap=\skip57
\multlinetaggap=\skip58
\mathdisplay@stack=\toks37
LaTeX Info: Redefining \[ on input line 2950.
LaTeX Info: Redefining \] on input line 2951.
)
(C:\Users\edog9\AppData\Local\Programs\MiKTeX\tex/latex/l3backend\l3backend-pdf
tex.def
File: l3backend-pdftex.def 2026-02-18 L3 backend support: PDF output (pdfTeX)
\l__color_backend_stack_int=\count363
) (replication.aux

LaTeX Warning: Label `fig:sub2' multiply defined.


LaTeX Warning: Label `sub@fig:sub2' multiply defined.


LaTeX Warning: Label `fig:sub1' multiply defined.


LaTeX Warning: Label `sub@fig:sub1' multiply defined.


LaTeX Warning: Label `fig:sub2' multiply defined.


LaTeX Warning: Label `sub@fig:sub2' multiply defined.


LaTeX Warning: Label `fig:sub3' multiply defined.


LaTeX Warning: Label `sub@fig:sub3' multiply defined.


LaTeX Warning: Label `fig:sub4' multiply defined.


LaTeX Warning: Label `sub@fig:sub4' multiply defined.


LaTeX Warning: Label `fig:sub5' multiply defined.


LaTeX Warning: Label `sub@fig:sub5' multiply defined.


LaTeX Warning: Label `fig:sub6' multiply defined.


LaTeX Warning: Label `sub@fig:sub6' multiply defined.


LaTeX Warning: Label `fig:sub1' multiply defined.


LaTeX Warning: Label `sub@fig:sub1' multiply defined.


LaTeX Warning: Label `fig:sub2' multiply defined.


LaTeX Warning: Label `sub@fig:sub2' multiply defined.


LaTeX Warning: Label `fig:sub3' multiply defined.


LaTeX Warning: Label `sub@fig:sub3' multiply defined.


LaTeX Warning: Label `fig:sub4' multiply defined.


LaTeX Warning: Label `sub@fig:sub4' multiply defined.


LaTeX Warning: Label `fig:sub5' multiply defined.


LaTeX Warning: Label `sub@fig:sub5' multiply defined.


LaTeX Warning: Label `fig:sub6' multiply defined.


LaTeX Warning: Label `sub@fig:sub6' multiply defined.


LaTeX Warning: Label `fig:sub1' multiply defined.


LaTeX Warning: Label `sub@fig:sub1' multiply defined.


LaTeX Warning: Label `fig:sub2' multiply defined.


LaTeX Warning: Label `sub@fig:sub2' multiply defined.

)
\openout1 = `replication.aux'.

LaTeX Font Info:    Checking defaults for OML/cmm/m/it on input line 18.
LaTeX Font Info:    ... okay on input line 18.
LaTeX Font Info:    Checking defaults for OMS/cmsy/m/n on input line 18.
LaTeX Font Info:    ... okay on input line 18.
LaTeX Font Info:    Checking defaults for OT1/cmr/m/n on input line 18.
LaTeX Font Info:    ... okay on input line 18.
LaTeX Font Info:    Checking defaults for T1/cmr/m/n on input line 18.
LaTeX Font Info:    ... okay on input line 18.
LaTeX Font Info:    Checking defaults for TS1/cmr/m/n on input line 18.
LaTeX Font Info:    ... okay on input line 18.
LaTeX Font Info:    Checking defaults for OMX/cmex/m/n on input line 18.
LaTeX Font Info:    ... okay on input line 18.
LaTeX Font Info:    Checking defaults for U/cmr/m/n on input line 18.
LaTeX Font Info:    ... okay on input line 18.
LaTeX Font Info:    Checking defaults for PD1/pdf/m/n on input line 18.
LaTeX Font Info:    ... okay on input line 18.
LaTeX Font Info:    Checking defaults for PU/pdf/m/n on input line 18.
LaTeX Font Info:    ... okay on input line 18.

*geometry* driver: auto-detecting
*geometry* detected driver: pdftex
*geometry* verbose mode - [ preamble ] result:
* driver: pdftex
* paper: <default>
* layout: <same size as paper>
* layoutoffset:(h,v)=(0.0pt,0.0pt)
* modes: 
* h-part:(L,W,R)=(18.06749pt, 578.16002pt, 18.06749pt)
* v-part:(T,H,B)=(18.06749pt, 758.835pt, 18.06749pt)
* \paperwidth=614.295pt
* \paperheight=794.96999pt
* \textwidth=578.16002pt
* \textheight=758.835pt
* \oddsidemargin=-54.2025pt
* \evensidemargin=-54.2025pt
* \topmargin=-91.2025pt
* \headheight=12.0pt
* \headsep=25.0pt
* \topskip=10.0pt
* \footskip=30.0pt
* \marginparwidth=65.0pt
* \marginparsep=11.0pt
* \columnsep=10.0pt
* \skip\footins=9.0pt plus 4.0pt minus 2.0pt
* \hoffset=0.0pt
* \voffset=0.0pt
* \mag=1000
* \@twocolumnfalse
* \@twosidefalse
* \@mparswitchfalse
* \@reversemarginfalse
* (1in=72.27pt=25.4mm, 1cm=28.453pt)

Package caption Info: Begin \AtBeginDocument code.
Package caption Info: hyperref package is loaded.
Package caption Info: threeparttable package is loaded.
Package caption Info: End \AtBeginDocument code.

(C:\Users\edog9\AppData\Local\Programs\MiKTeX\tex/context/base/mkii\supp-pdf.mk
ii
[Loading MPS to PDF converter (version 2006.09.02).]
\scratchcounter=\count364
\scratchdimen=\dimen308
\scratchbox=\box69
\nofMPsegments=\count365
\nofMParguments=\count366
\everyMPshowfont=\toks38
\MPscratchCnt=\count367
\MPscratchDim=\dimen309
\MPnumerator=\count368
\makeMPintoPDFobject=\count369
\everyMPtoPDFconversion=\toks39
)
(C:\Users\edog9\AppData\Local\Programs\MiKTeX\tex/latex/epstopdf-pkg\epstopdf-b
ase.sty
Package: epstopdf-base 2020-01-24 v2.11 Base part for package epstopdf

(C:\Users\edog9\AppData\Local\Programs\MiKTeX\tex/latex/grfext\grfext.sty
Package: grfext 2019/12/03 v1.3 Manage graphics extensions (HO)
)
Package epstopdf-base Info: Redefining graphics rule for `.eps' on input line 4
85.
Package grfext Info: Graphics extension search list:
(grfext)             [.pdf,.png,.jpg,.mps,.jpeg,.jbig2,.jb2,.PDF,.PNG,.JPG,.JPE
G,.JBIG2,.JB2,.eps]
(grfext)             \AppendGraphicsExtensions on input line 504.

(C:\Users\edog9\AppData\Local\Programs\MiKTeX\tex/latex/00miktex\epstopdf-sys.c
fg
File: epstopdf-sys.cfg 2021/03/18 v2.0 Configuration of epstopdf for MiKTeX
))
Package hyperref Info: Link coloring OFF on input line 18.
 (replication.out) (replication.out)
\@outlinefile=\write4
\openout4 = `replication.out'.



LaTeX Warning: No \author given.

(replication.toc)
\tf@toc=\write5
\openout5 = `replication.toc'.

 (replication.lof)
\tf@lof=\write6
\openout6 = `replication.lof'.

 (replication.lot)
\tf@lot=\write7
\openout7 = `replication.lot'.

 [1

{C:/Users/edog9/AppData/Local/MiKTeX/fonts/map/pdftex/pdftex.map}] [2

] (tables/T1.tex) [3

]
(tables/T2.tex) [4]
<figures/F2a.png, id=127, 1501.61pt x 1092.08pt>
File: figures/F2a.png Graphic file (type png)
<use figures/F2a.png>
Package pdftex.def Info: figures/F2a.png  used on input line 100.
(pdftex.def)             Requested size: 375.80048pt x 273.30261pt.
<figures/F2b.png, id=128, 1501.61pt x 1092.08pt>
File: figures/F2b.png Graphic file (type png)
<use figures/F2b.png>
Package pdftex.def Info: figures/F2b.png  used on input line 106.
(pdftex.def)             Requested size: 375.80048pt x 273.30261pt.
 [5 <./figures/F2a.png (PNG copy)> <./figures/F2b.png (PNG copy)>] (tables/T3.t
ex) [6




] (tables/T4.tex) [7

]

pdfTeX warning: miktex-pdftex.exe (file ./figures/F3a.pdf): PDF inclusion: foun
d PDF version <1.6>, but at most version <1.5> allowed
<figures/F3a.pdf, id=147, 397.485pt x 867.24pt>
File: figures/F3a.pdf Graphic file (type pdf)
<use figures/F3a.pdf>
Package pdftex.def Info: figures/F3a.pdf  used on input line 153.
(pdftex.def)             Requested size: 226.64212pt x 494.50398pt.


pdfTeX warning: miktex-pdftex.exe (file ./figures/F3b.pdf): PDF inclusion: foun
d PDF version <1.6>, but at most version <1.5> allowed
<figures/F3b.pdf, id=148, 397.485pt x 867.24pt>
File: figures/F3b.pdf Graphic file (type pdf)
<use figures/F3b.pdf>
Package pdftex.def Info: figures/F3b.pdf  used on input line 158.
(pdftex.def)             Requested size: 226.64212pt x 494.50398pt.
[8 <./figures/F3a.pdf> <./figures/F3b.pdf>] (tables/T5.tex) [9


] (tables/T6.tex) (tables/TA1.tex) (tables/TA3.tex) [10

] [11] (tables/TA4.tex) [12

]
(tables/TA5.tex) [13

] (tables/TA6.tex) [14

] (tables/TA7.tex) [15

]
(tables/TA8.tex) [16


] (tables/TA9.tex) [17

] (tables/TA10.tex) [18

]
(tables/TA11.tex) [19

] (tables/TA12.tex) [20

] (tables/TA13.tex) [21


]
(tables/TA14.tex) [22

] (tables/TA15.tex) [23

] (tables/TA16.tex)
(tables/TA17.tex) [24

] [25] (tables/TA18.tex) [26

] (tables/TA19.tex)
(tables/TA20.tex) [27

] [28] (tables/TA21.tex) [29

] (tables/TA22.tex) [30

]
(tables/TA23.tex) [31



] (tables/TA24.tex) [32

] (tables/TA25.tex) [33

]
<figures/FA1.png, id=312, 1501.61pt x 1092.08pt>
File: figures/FA1.png Graphic file (type png)
<use figures/FA1.png>
Package pdftex.def Info: figures/FA1.png  used on input line 432.
(pdftex.def)             Requested size: 375.80048pt x 273.30261pt.
 [34 <./figures/FA1.png (PNG copy)>]

pdfTeX warning: miktex-pdftex.exe (file ./figures/FA2_cgoodman.pdf): PDF inclus
ion: found PDF version <1.6>, but at most version <1.5> allowed
<figures/FA2_cgoodman.pdf, id=317, 397.485pt x 289.08pt>
File: figures/FA2_cgoodman.pdf Graphic file (type pdf)
<use figures/FA2_cgoodman.pdf>
Package pdftex.def Info: figures/FA2_cgoodman.pdf  used on input line 441.
(pdftex.def)             Requested size: 231.26047pt x 168.19583pt.


pdfTeX warning: miktex-pdftex.exe (file ./figures/FA2_gen_muni.pdf): PDF inclus
ion: found PDF version <1.6>, but at most version <1.5> allowed
<figures/FA2_gen_muni.pdf, id=318, 397.485pt x 289.08pt>
File: figures/FA2_gen_muni.pdf Graphic file (type pdf)
<use figures/FA2_gen_muni.pdf>
Package pdftex.def Info: figures/FA2_gen_muni.pdf  used on input line 445.
(pdftex.def)             Requested size: 231.26047pt x 168.19583pt.


pdfTeX warning: miktex-pdftex.exe (file ./figures/FA2_schdist_ind.pdf): PDF inc
lusion: found PDF version <1.6>, but at most version <1.5> allowed
<figures/FA2_schdist_ind.pdf, id=319, 397.485pt x 289.08pt>
File: figures/FA2_schdist_ind.pdf Graphic file (type pdf)
<use figures/FA2_schdist_ind.pdf>
Package pdftex.def Info: figures/FA2_schdist_ind.pdf  used on input line 449.
(pdftex.def)             Requested size: 231.26047pt x 168.19583pt.


pdfTeX warning: miktex-pdftex.exe (file ./figures/FA2_gen_town.pdf): PDF inclus
ion: found PDF version <1.6>, but at most version <1.5> allowed
<figures/FA2_gen_town.pdf, id=320, 397.485pt x 289.08pt>
File: figures/FA2_gen_town.pdf Graphic file (type pdf)
<use figures/FA2_gen_town.pdf>
Package pdftex.def Info: figures/FA2_gen_town.pdf  used on input line 453.
(pdftex.def)             Requested size: 231.26047pt x 168.19583pt.


pdfTeX warning: miktex-pdftex.exe (file ./figures/FA2_spdist.pdf): PDF inclusio
n: found PDF version <1.6>, but at most version <1.5> allowed
<figures/FA2_spdist.pdf, id=321, 397.485pt x 289.08pt>
File: figures/FA2_spdist.pdf Graphic file (type pdf)
<use figures/FA2_spdist.pdf>
Package pdftex.def Info: figures/FA2_spdist.pdf  used on input line 457.
(pdftex.def)             Requested size: 231.26047pt x 168.19583pt.


pdfTeX warning: miktex-pdftex.exe (file ./figures/FA2_totfrac.pdf): PDF inclusi
on: found PDF version <1.6>, but at most version <1.5> allowed
<figures/FA2_totfrac.pdf, id=322, 397.485pt x 289.08pt>
File: figures/FA2_totfrac.pdf Graphic file (type pdf)
<use figures/FA2_totfrac.pdf>
Package pdftex.def Info: figures/FA2_totfrac.pdf  used on input line 461.
(pdftex.def)             Requested size: 231.26047pt x 168.19583pt.
[35




 <./figures/FA2_cgoodman.pdf> <./figures/FA2_gen_muni.pdf> <./figures/FA2_schdi
st_ind.pdf> <./figures/FA2_gen_town.pdf> <./figures/FA2_spdist.pdf> <./figures/
FA2_totfrac.pdf>]

pdfTeX warning: miktex-pdftex.exe (file ./figures/FA3_cgoodman.pdf): PDF inclus
ion: found PDF version <1.6>, but at most version <1.5> allowed
<figures/FA3_cgoodman.pdf, id=2715, 397.485pt x 289.08pt>
File: figures/FA3_cgoodman.pdf Graphic file (type pdf)
<use figures/FA3_cgoodman.pdf>
Package pdftex.def Info: figures/FA3_cgoodman.pdf  used on input line 475.
(pdftex.def)             Requested size: 231.26047pt x 168.19583pt.


pdfTeX warning: miktex-pdftex.exe (file ./figures/FA3_gen_muni.pdf): PDF inclus
ion: found PDF version <1.6>, but at most version <1.5> allowed
<figures/FA3_gen_muni.pdf, id=2716, 397.485pt x 289.08pt>
File: figures/FA3_gen_muni.pdf Graphic file (type pdf)
<use figures/FA3_gen_muni.pdf>
Package pdftex.def Info: figures/FA3_gen_muni.pdf  used on input line 479.
(pdftex.def)             Requested size: 231.26047pt x 168.19583pt.


pdfTeX warning: miktex-pdftex.exe (file ./figures/FA3_schdist_ind.pdf): PDF inc
lusion: found PDF version <1.6>, but at most version <1.5> allowed
<figures/FA3_schdist_ind.pdf, id=2717, 397.485pt x 289.08pt>
File: figures/FA3_schdist_ind.pdf Graphic file (type pdf)
<use figures/FA3_schdist_ind.pdf>
Package pdftex.def Info: figures/FA3_schdist_ind.pdf  used on input line 483.
(pdftex.def)             Requested size: 231.26047pt x 168.19583pt.


pdfTeX warning: miktex-pdftex.exe (file ./figures/FA3_gen_town.pdf): PDF inclus
ion: found PDF version <1.6>, but at most version <1.5> allowed
<figures/FA3_gen_town.pdf, id=2718, 397.485pt x 289.08pt>
File: figures/FA3_gen_town.pdf Graphic file (type pdf)
<use figures/FA3_gen_town.pdf>
Package pdftex.def Info: figures/FA3_gen_town.pdf  used on input line 487.
(pdftex.def)             Requested size: 231.26047pt x 168.19583pt.


pdfTeX warning: miktex-pdftex.exe (file ./figures/FA3_spdist.pdf): PDF inclusio
n: found PDF version <1.6>, but at most version <1.5> allowed
<figures/FA3_spdist.pdf, id=2719, 397.485pt x 289.08pt>
File: figures/FA3_spdist.pdf Graphic file (type pdf)
<use figures/FA3_spdist.pdf>
Package pdftex.def Info: figures/FA3_spdist.pdf  used on input line 491.
(pdftex.def)             Requested size: 231.26047pt x 168.19583pt.


pdfTeX warning: miktex-pdftex.exe (file ./figures/FA3_totfrac.pdf): PDF inclusi
on: found PDF version <1.6>, but at most version <1.5> allowed
<figures/FA3_totfrac.pdf, id=2720, 397.485pt x 289.08pt>
File: figures/FA3_totfrac.pdf Graphic file (type pdf)
<use figures/FA3_totfrac.pdf>
Package pdftex.def Info: figures/FA3_totfrac.pdf  used on input line 495.
(pdftex.def)             Requested size: 231.26047pt x 168.19583pt.
[36

 <./figures/FA3_cgoodman.pdf> <./figures/FA3_gen_muni.pdf> <./figures/FA3_schdi
st_ind.pdf> <./figures/FA3_gen_town.pdf> <./figures/FA3_spdist.pdf> <./figures/
FA3_totfrac.pdf>]

pdfTeX warning: miktex-pdftex.exe (file ./figures/FA4_cgoodman.pdf): PDF inclus
ion: found PDF version <1.6>, but at most version <1.5> allowed
<figures/FA4_cgoodman.pdf, id=2869, 397.485pt x 289.08pt>
File: figures/FA4_cgoodman.pdf Graphic file (type pdf)
<use figures/FA4_cgoodman.pdf>
Package pdftex.def Info: figures/FA4_cgoodman.pdf  used on input line 508.
(pdftex.def)             Requested size: 231.26047pt x 168.19583pt.


pdfTeX warning: miktex-pdftex.exe (file ./figures/FA4_gen_muni.pdf): PDF inclus
ion: found PDF version <1.6>, but at most version <1.5> allowed
<figures/FA4_gen_muni.pdf, id=2870, 397.485pt x 289.08pt>
File: figures/FA4_gen_muni.pdf Graphic file (type pdf)
<use figures/FA4_gen_muni.pdf>
Package pdftex.def Info: figures/FA4_gen_muni.pdf  used on input line 512.
(pdftex.def)             Requested size: 231.26047pt x 168.19583pt.


pdfTeX warning: miktex-pdftex.exe (file ./figures/FA4_schdist_ind.pdf): PDF inc
lusion: found PDF version <1.6>, but at most version <1.5> allowed
<figures/FA4_schdist_ind.pdf, id=2871, 397.485pt x 289.08pt>
File: figures/FA4_schdist_ind.pdf Graphic file (type pdf)
<use figures/FA4_schdist_ind.pdf>
Package pdftex.def Info: figures/FA4_schdist_ind.pdf  used on input line 516.
(pdftex.def)             Requested size: 231.26047pt x 168.19583pt.


pdfTeX warning: miktex-pdftex.exe (file ./figures/FA4_gen_town.pdf): PDF inclus
ion: found PDF version <1.6>, but at most version <1.5> allowed
<figures/FA4_gen_town.pdf, id=2872, 397.485pt x 289.08pt>
File: figures/FA4_gen_town.pdf Graphic file (type pdf)
<use figures/FA4_gen_town.pdf>
Package pdftex.def Info: figures/FA4_gen_town.pdf  used on input line 520.
(pdftex.def)             Requested size: 231.26047pt x 168.19583pt.


pdfTeX warning: miktex-pdftex.exe (file ./figures/FA4_spdist.pdf): PDF inclusio
n: found PDF version <1.6>, but at most version <1.5> allowed
<figures/FA4_spdist.pdf, id=2873, 397.485pt x 289.08pt>
File: figures/FA4_spdist.pdf Graphic file (type pdf)
<use figures/FA4_spdist.pdf>
Package pdftex.def Info: figures/FA4_spdist.pdf  used on input line 524.
(pdftex.def)             Requested size: 231.26047pt x 168.19583pt.


pdfTeX warning: miktex-pdftex.exe (file ./figures/FA4_totfrac.pdf): PDF inclusi
on: found PDF version <1.6>, but at most version <1.5> allowed
<figures/FA4_totfrac.pdf, id=2874, 397.485pt x 289.08pt>
File: figures/FA4_totfrac.pdf Graphic file (type pdf)
<use figures/FA4_totfrac.pdf>
Package pdftex.def Info: figures/FA4_totfrac.pdf  used on input line 528.
(pdftex.def)             Requested size: 231.26047pt x 168.19583pt.
[37

 <./figures/FA4_cgoodman.pdf> <./figures/FA4_gen_muni.pdf> <./figures/FA4_schdi
st_ind.pdf> <./figures/FA4_gen_town.pdf> <./figures/FA4_spdist.pdf> <./figures/
FA4_totfrac.pdf>]

pdfTeX warning: miktex-pdftex.exe (file ./figures/FA5a.pdf): PDF inclusion: fou
nd PDF version <1.6>, but at most version <1.5> allowed
<figures/FA5a.pdf, id=20964, 397.485pt x 289.08pt>
File: figures/FA5a.pdf Graphic file (type pdf)
<use figures/FA5a.pdf>
Package pdftex.def Info: figures/FA5a.pdf  used on input line 541.
(pdftex.def)             Requested size: 346.89954pt x 252.29594pt.


pdfTeX warning: miktex-pdftex.exe (file ./figures/FA5b.pdf): PDF inclusion: fou
nd PDF version <1.6>, but at most version <1.5> allowed
<figures/FA5b.pdf, id=20965, 397.485pt x 289.08pt>
File: figures/FA5b.pdf Graphic file (type pdf)
<use figures/FA5b.pdf>
Package pdftex.def Info: figures/FA5b.pdf  used on input line 545.
(pdftex.def)             Requested size: 346.89954pt x 252.29594pt.
[38 <./figures/FA5a.pdf> <./figures/FA5b.pdf>] (replication.aux)
 ***********
LaTeX2e <2025-11-01>
L3 programming layer <2026-04-28>
 ***********


LaTeX Warning: There were multiply-defined labels.

Package rerunfilecheck Info: File `replication.out' has not changed.
(rerunfilecheck)             Checksum: E74CC898AE02B9ADFD25573588B4D0A9;194.
 ) 
Here is how much of TeX's memory you used:
 22777 strings out of 467683
 432398 string characters out of 5414722
 850492 words of memory out of 5000000
 51282 multiletter control sequences out of 15000+600000
 633445 words of font info for 60 fonts, out of 8000000 for 9000
 1141 hyphenation exceptions out of 8191
 84i,14n,104p,761b,598s stack positions out of 10000i,1000n,20000p,200000b,200000s
<C:/Users/edog9/AppData/Local/Programs/MiKTeX/fonts/type1/public/amsfonts/cm/
cmbx10.pfb><C:/Users/edog9/AppData/Local/Programs/MiKTeX/fonts/type1/public/ams
fonts/cm/cmbx12.pfb><C:/Users/edog9/AppData/Local/Programs/MiKTeX/fonts/type1/p
ublic/amsfonts/cm/cmex10.pfb><C:/Users/edog9/AppData/Local/Programs/MiKTeX/font
s/type1/public/amsfonts/cmextra/cmex7.pfb><C:/Users/edog9/AppData/Local/Program
s/MiKTeX/fonts/type1/public/amsfonts/cmextra/cmex8.pfb><C:/Users/edog9/AppData/
Local/Programs/MiKTeX/fonts/type1/public/amsfonts/cm/cmmi10.pfb><C:/Users/edog9
/AppData/Local/Programs/MiKTeX/fonts/type1/public/amsfonts/cm/cmmi6.pfb><C:/Use
rs/edog9/AppData/Local/Programs/MiKTeX/fonts/type1/public/amsfonts/cm/cmmi7.pfb
><C:/Users/edog9/AppData/Local/Programs/MiKTeX/fonts/type1/public/amsfonts/cm/c
mmi8.pfb><C:/Users/edog9/AppData/Local/Programs/MiKTeX/fonts/type1/public/amsfo
nts/cm/cmr10.pfb><C:/Users/edog9/AppData/Local/Programs/MiKTeX/fonts/type1/publ
ic/amsfonts/cm/cmr12.pfb><C:/Users/edog9/AppData/Local/Programs/MiKTeX/fonts/ty
pe1/public/amsfonts/cm/cmr17.pfb><C:/Users/edog9/AppData/Local/Programs/MiKTeX/
fonts/type1/public/amsfonts/cm/cmr5.pfb><C:/Users/edog9/AppData/Local/Programs/
MiKTeX/fonts/type1/public/amsfonts/cm/cmr6.pfb><C:/Users/edog9/AppData/Local/Pr
ograms/MiKTeX/fonts/type1/public/amsfonts/cm/cmr7.pfb><C:/Users/edog9/AppData/L
ocal/Programs/MiKTeX/fonts/type1/public/amsfonts/cm/cmr8.pfb><C:/Users/edog9/Ap
pData/Local/Programs/MiKTeX/fonts/type1/public/amsfonts/cm/cmr9.pfb><C:/Users/e
dog9/AppData/Local/Programs/MiKTeX/fonts/type1/public/amsfonts/cm/cmsy7.pfb><C:
/Users/edog9/AppData/Local/Programs/MiKTeX/fonts/type1/public/amsfonts/cm/cmti7
.pfb>
Output written on replication.pdf (38 pages, 4273555 bytes).
PDF statistics:
 21148 PDF objects out of 22161 (max. 8388607)
 111 named destinations out of 1000 (max. 500000)
 154 words of extra memory for PDF output out of 10000 (max. 10000000)

